// Jest Snapshot v1, https://goo.gl/fbAQLP

exports[`DataTable component matches snapshot 1`] = `
<DocumentFragment>
  <table
    class="table table-sm table-bordered table-striped"
    id="resultstable"
    style="width: 700px;"
  >
    <thead>
      <tr>
        <th>
          Name
        </th>
        <th>
          Age
        </th>
        <th>
          Country
        </th>
      </tr>
    </thead>
    <tbody>
      <tr
        style="text-align: center;"
      >
        <td>
          <span>
            Alice
          </span>
        </td>
        <td>
          <span>
            30
          </span>
        </td>
        <td>
          <span>
            USA
          </span>
        </td>
      </tr>
      <tr
        style="text-align: center;"
      >
        <td>
          <span>
            Bob
          </span>
        </td>
        <td>
          <span>
            25
          </span>
        </td>
        <td>
          <span>
            Canada
          </span>
        </td>
      </tr>
      <tr
        style="text-align: center;"
      >
        <td>
          <span>
            Charlie
          </span>
        </td>
        <td>
          <span>
            35
          </span>
        </td>
        <td>
          <span>
            UK
          </span>
        </td>
      </tr>
    </tbody>
  </table>
  <ul
    class="pagination pagination-lg"
  >
    <li
      class="page-item"
    >
      <a
        class="page-link"
        href="#"
        role="button"
        tabindex="0"
      >
        <span
          aria-hidden="true"
        >
          «
        </span>
        <span
          class="visually-hidden"
        >
          First
        </span>
      </a>
    </li>
    <li
      class="page-item"
    >
      <a
        class="page-link"
        href="#"
        role="button"
        tabindex="0"
      >
        <span
          aria-hidden="true"
        >
          ‹
        </span>
        <span
          class="visually-hidden"
        >
          Previous
        </span>
      </a>
    </li>
    <li
      class="page-item"
    >
      <a
        class="page-link"
        href="#"
        role="button"
        tabindex="0"
      >
        1
      </a>
    </li>
    <li
      class="page-item active"
    >
      <span
        class="page-link"
      >
        12
        <span
          class="visually-hidden"
        >
          (current)
        </span>
      </span>
    </li>
    <li
      class="page-item"
    >
      <a
        class="page-link"
        href="#"
        role="button"
        tabindex="0"
      >
        20
      </a>
    </li>
    <li
      class="page-item"
    >
      <a
        class="page-link"
        href="#"
        role="button"
        tabindex="0"
      >
        <span
          aria-hidden="true"
        >
          ›
        </span>
        <span
          class="visually-hidden"
        >
          Next
        </span>
      </a>
    </li>
    <li
      class="page-item"
    >
      <a
        class="page-link"
        href="#"
        role="button"
        tabindex="0"
      >
        <span
          aria-hidden="true"
        >
          »
        </span>
        <span
          class="visually-hidden"
        >
          Last
        </span>
      </a>
    </li>
  </ul>
</DocumentFragment>
`;
